2013/05/04 18:13:17 [info] 7288#4360: *42 client 127.0.0.1 closed keepalive connection
2013/05/04 18:13:25 [info] 7288#4360: *44 client 127.0.0.1 closed keepalive connection
2013/05/04 18:13:25 [info] 7288#4360: *45 client closed prematurely connection while reading client request line, client: 127.0.0.1, server: localhost
2013/05/04 18:13:55 [info] 7288#4360: *48 client closed prematurely connection while reading client request line, client: 127.0.0.1, server: localhost
2013/05/04 18:14:59 [info] 7288#4360: *47 client 127.0.0.1 closed keepalive connection
2013/05/08 13:55:18 [warn] 7732#8188: lua_code_cache is off; this will hurt performance in F:\new-server/conf/nginx.conf:24
2013/05/08 13:55:18 [notice] 7732#8188: using the "iocp" event method
2013/05/08 13:55:18 [notice] 7732#8188: nginx/1.1.14
2013/05/08 13:55:18 [notice] 7732#8188: start worker processes
2013/05/08 13:55:18 [notice] 7732#8188: start worker process 7500
2013/05/08 13:55:18 [warn] 7500#6296: lua_code_cache is off; this will hurt performance in F:\new-server/conf/nginx.conf:24
2013/05/08 13:55:18 [notice] 7500#6296: nginx/1.1.14
2013/05/08 13:55:18 [notice] 7500#6296: create thread 1724
2013/05/08 13:55:18 [notice] 7500#6296: create thread 7892
2013/05/08 13:55:18 [notice] 7500#6296: create thread 164
2013/05/08 13:55:45 [notice] 7500#1724: *5 [lua] db_bak.lua:139: mysql_query(): table, client: 127.0.0.1, server: localhost, request: "GET /manage/log?page=1&_=1367992543264 HTTP/1.1", host: "localhost:8089", referrer: "http://localhost:8089/webPage/"
2013/05/08 13:55:45 [notice] 7500#1724: *5 [lua] db_bak.lua:169: mysql_query(): ***********sqlstr:select * from licenselog, client: 127.0.0.1, server: localhost, request: "GET /manage/log?page=1&_=1367992543264 HTTP/1.1", host: "localhost:8089", referrer: "http://localhost:8089/webPage/"
2013/05/08 13:55:47 [notice] 7500#1724: *5 [lua] db_bak.lua:177: mysql_query(): query res type is :table, client: 127.0.0.1, server: localhost, request: "GET /manage/log?page=1&_=1367992543264 HTTP/1.1", host: "localhost:8089", referrer: "http://localhost:8089/webPage/"
2013/05/08 13:55:47 [notice] 7500#1724: *5 [lua] manage.lua:204: fun(): 71table7, client: 127.0.0.1, server: localhost, request: "GET /manage/log?page=1&_=1367992543264 HTTP/1.1", host: "localhost:8089", referrer: "http://localhost:8089/webPage/"
2013/05/08 13:55:59 [notice] 7500#1724: *5 [lua] db_bak.lua:139: mysql_query(): table, client: 127.0.0.1, server: localhost, request: "GET /manage/user?page=1&_=1367992559591 HTTP/1.1", host: "localhost:8089", referrer: "http://localhost:8089/webPage/"
2013/05/08 13:55:59 [notice] 7500#1724: *5 [lua] db_bak.lua:169: mysql_query(): ***********sqlstr:select * from user, client: 127.0.0.1, server: localhost, request: "GET /manage/user?page=1&_=1367992559591 HTTP/1.1", host: "localhost:8089", referrer: "http://localhost:8089/webPage/"
2013/05/08 13:55:59 [notice] 7500#1724: *5 [lua] db_bak.lua:177: mysql_query(): query res type is :table, client: 127.0.0.1, server: localhost, request: "GET /manage/user?page=1&_=1367992559591 HTTP/1.1", host: "localhost:8089", referrer: "http://localhost:8089/webPage/"
2013/05/08 13:55:59 [notice] 7500#1724: *5 [lua] manage.lua:159: fun(): 31table3, client: 127.0.0.1, server: localhost, request: "GET /manage/user?page=1&_=1367992559591 HTTP/1.1", host: "localhost:8089", referrer: "http://localhost:8089/webPage/"
2013/05/08 14:01:21 [notice] 7500#1724: *5 [lua] db_bak.lua:139: mysql_query(): table, client: 127.0.0.1, server: localhost, request: "GET /manage/zipfile?page=1&_=1367992881120 HTTP/1.1", host: "localhost:8089", referrer: "http://localhost:8089/webPage/"
2013/05/08 14:01:21 [notice] 7500#1724: *5 [lua] db_bak.lua:169: mysql_query(): ***********sqlstr:select * from filelog, client: 127.0.0.1, server: localhost, request: "GET /manage/zipfile?page=1&_=1367992881120 HTTP/1.1", host: "localhost:8089", referrer: "http://localhost:8089/webPage/"
2013/05/08 14:01:21 [notice] 7500#1724: *5 [lua] db_bak.lua:177: mysql_query(): query res type is :table, client: 127.0.0.1, server: localhost, request: "GET /manage/zipfile?page=1&_=1367992881120 HTTP/1.1", host: "localhost:8089", referrer: "http://localhost:8089/webPage/"
2013/05/08 14:01:21 [notice] 7500#1724: *5 [lua] manage.lua:135: fun(): 21table2, client: 127.0.0.1, server: localhost, request: "GET /manage/zipfile?page=1&_=1367992881120 HTTP/1.1", host: "localhost:8089", referrer: "http://localhost:8089/webPage/"
2013/05/08 14:01:34 [info] 7500#1724: *5 shutdown() failed (10057: A request to send or receive data was disallowed because the socket is not connected and (when sending on a datagram socket using a sendto call) no address was supplied) while sending response to client, client: 127.0.0.1, server: localhost, request: "GET /webPage/dev_check.html?_=1367992894572 HTTP/1.1", host: "localhost:8089", referrer: "http://localhost:8089/webPage/"
2013/05/08 14:01:43 [notice] 7500#1724: *10 [lua] db_bak.lua:139: mysql_query(): table, client: 127.0.0.1, server: localhost, request: "GET /manage/user?page=1&_=1367992903822 HTTP/1.1", host: "localhost:8089", referrer: "http://localhost:8089/webPage/"
2013/05/08 14:01:43 [notice] 7500#1724: *10 [lua] db_bak.lua:169: mysql_query(): ***********sqlstr:select * from user, client: 127.0.0.1, server: localhost, request: "GET /manage/user?page=1&_=1367992903822 HTTP/1.1", host: "localhost:8089", referrer: "http://localhost:8089/webPage/"
2013/05/08 14:01:43 [notice] 7500#1724: *10 [lua] db_bak.lua:177: mysql_query(): query res type is :table, client: 127.0.0.1, server: localhost, request: "GET /manage/user?page=1&_=1367992903822 HTTP/1.1", host: "localhost:8089", referrer: "http://localhost:8089/webPage/"
2013/05/08 14:01:43 [notice] 7500#1724: *10 [lua] manage.lua:159: fun(): 31table3, client: 127.0.0.1, server: localhost, request: "GET /manage/user?page=1&_=1367992903822 HTTP/1.1", host: "localhost:8089", referrer: "http://localhost:8089/webPage/"
2013/05/08 14:01:54 [info] 7500#1724: *11 client closed prematurely connection while reading client request line, client: 127.0.0.1, server: localhost
2013/05/08 14:01:54 [info] 7500#1724: *12 client closed prematurely connection while reading client request line, client: 127.0.0.1, server: localhost
2013/05/08 14:08:39 [info] 7500#1724: *10 shutdown() failed (10057: A request to send or receive data was disallowed because the socket is not connected and (when sending on a datagram socket using a sendto call) no address was supplied), client: 127.0.0.1, server: localhost, request: "GET /iclock/sdk/status/?_=1367993319845 HTTP/1.1", host: "localhost:8089", referrer: "http://localhost:8089/webPage/"
2013/05/08 14:09:04 [info] 7500#1724: *15 client closed prematurely connection while reading client request line, client: 127.0.0.1, server: localhost
2013/05/08 14:09:18 [notice] 7500#1724: *14 [lua] db_bak.lua:139: mysql_query(): table, client: 127.0.0.1, server: localhost, request: "GET /manage/log?page=1&_=1367993358619 HTTP/1.1", host: "localhost:8089", referrer: "http://localhost:8089/webPage/"
2013/05/08 14:09:18 [notice] 7500#1724: *14 [lua] db_bak.lua:169: mysql_query(): ***********sqlstr:select * from licenselog, client: 127.0.0.1, server: localhost, request: "GET /manage/log?page=1&_=1367993358619 HTTP/1.1", host: "localhost:8089", referrer: "http://localhost:8089/webPage/"
2013/05/08 14:09:18 [notice] 7500#1724: *14 [lua] db_bak.lua:177: mysql_query(): query res type is :table, client: 127.0.0.1, server: localhost, request: "GET /manage/log?page=1&_=1367993358619 HTTP/1.1", host: "localhost:8089", referrer: "http://localhost:8089/webPage/"
2013/05/08 14:09:18 [notice] 7500#1724: *14 [lua] manage.lua:204: fun(): 71table7, client: 127.0.0.1, server: localhost, request: "GET /manage/log?page=1&_=1367993358619 HTTP/1.1", host: "localhost:8089", referrer: "http://localhost:8089/webPage/"
2013/05/08 14:09:29 [notice] 7500#1724: *14 [lua] db_bak.lua:139: mysql_query(): table, client: 127.0.0.1, server: localhost, request: "GET /manage/log?page=1&mac=00:17:61:10:AA:D6&_=1367993369682 HTTP/1.1", host: "localhost:8089", referrer: "http://localhost:8089/webPage/"
2013/05/08 14:09:29 [notice] 7500#1724: *14 [lua] db_bak.lua:169: mysql_query(): ***********sqlstr:select * from licenselog where (mac='00:17:61:10:AA:D6'), client: 127.0.0.1, server: localhost, request: "GET /manage/log?page=1&mac=00:17:61:10:AA:D6&_=1367993369682 HTTP/1.1", host: "localhost:8089", referrer: "http://localhost:8089/webPage/"
2013/05/08 14:09:29 [notice] 7500#1724: *14 [lua] db_bak.lua:177: mysql_query(): query res type is :table, client: 127.0.0.1, server: localhost, request: "GET /manage/log?page=1&mac=00:17:61:10:AA:D6&_=1367993369682 HTTP/1.1", host: "localhost:8089", referrer: "http://localhost:8089/webPage/"
2013/05/08 14:09:29 [notice] 7500#1724: *14 [lua] manage.lua:204: fun(): 21table2, client: 127.0.0.1, server: localhost, request: "GET /manage/log?page=1&mac=00:17:61:10:AA:D6&_=1367993369682 HTTP/1.1", host: "localhost:8089", referrer: "http://localhost:8089/webPage/"
2013/05/08 14:09:42 [notice] 7500#1724: *14 [lua] db_bak.lua:139: mysql_query(): table, client: 127.0.0.1, server: localhost, request: "GET /manage/log?page=1&mac=00:17:61:10:AA:D6&_=1367993382449 HTTP/1.1", host: "localhost:8089", referrer: "http://localhost:8089/webPage/"
2013/05/08 14:09:42 [notice] 7500#1724: *14 [lua] db_bak.lua:169: mysql_query(): ***********sqlstr:select * from licenselog where (mac='00:17:61:10:AA:D6'), client: 127.0.0.1, server: localhost, request: "GET /manage/log?page=1&mac=00:17:61:10:AA:D6&_=1367993382449 HTTP/1.1", host: "localhost:8089", referrer: "http://localhost:8089/webPage/"
2013/05/08 14:09:42 [notice] 7500#1724: *14 [lua] db_bak.lua:177: mysql_query(): query res type is :table, client: 127.0.0.1, server: localhost, request: "GET /manage/log?page=1&mac=00:17:61:10:AA:D6&_=1367993382449 HTTP/1.1", host: "localhost:8089", referrer: "http://localhost:8089/webPage/"
2013/05/08 14:09:42 [notice] 7500#1724: *14 [lua] manage.lua:204: fun(): 21table2, client: 127.0.0.1, server: localhost, request: "GET /manage/log?page=1&mac=00:17:61:10:AA:D6&_=1367993382449 HTTP/1.1", host: "localhost:8089", referrer: "http://localhost:8089/webPage/"
2013/05/08 14:09:56 [notice] 7500#1724: *14 [lua] db_bak.lua:139: mysql_query(): table, client: 127.0.0.1, server: localhost, request: "GET /manage/log?page=1&_=1367993396257 HTTP/1.1", host: "localhost:8089", referrer: "http://localhost:8089/webPage/"
2013/05/08 14:09:56 [notice] 7500#1724: *14 [lua] db_bak.lua:169: mysql_query(): ***********sqlstr:select * from licenselog, client: 127.0.0.1, server: localhost, request: "GET /manage/log?page=1&_=1367993396257 HTTP/1.1", host: "localhost:8089", referrer: "http://localhost:8089/webPage/"
2013/05/08 14:09:56 [notice] 7500#1724: *14 [lua] db_bak.lua:177: mysql_query(): query res type is :table, client: 127.0.0.1, server: localhost, request: "GET /manage/log?page=1&_=1367993396257 HTTP/1.1", host: "localhost:8089", referrer: "http://localhost:8089/webPage/"
2013/05/08 14:09:56 [notice] 7500#1724: *14 [lua] manage.lua:204: fun(): 71table7, client: 127.0.0.1, server: localhost, request: "GET /manage/log?page=1&_=1367993396257 HTTP/1.1", host: "localhost:8089", referrer: "http://localhost:8089/webPage/"
2013/05/08 14:11:59 [notice] 7500#1724: *20 [lua] cdata.lua:247: fun(): rcv mac from file:00:17:61:10:2C:B0, client: 127.0.0.1, server: localhost, request: "POST /iclock/sdk/parampermit?SNs=2290343020022&info=M880&id=1055&user=lqw&lang=ES HTTP/1.0", host: "127.0.0.1:8089"
2013/05/08 14:11:59 [notice] 7500#1724: *20 [lua] cdata.lua:259: fun(): 0log check ok!, client: 127.0.0.1, server: localhost, request: "POST /iclock/sdk/parampermit?SNs=2290343020022&info=M880&id=1055&user=lqw&lang=ES HTTP/1.0", host: "127.0.0.1:8089"
2013/05/08 14:11:59 [notice] 7500#1724: *20 [lua] cdata.lua:272: fun(): all_device:2290343020022,00:17:61:10:2C:B0,2290343020022,00:17:61:10:2C:B0, client: 127.0.0.1, server: localhost, request: "POST /iclock/sdk/parampermit?SNs=2290343020022&info=M880&id=1055&user=lqw&lang=ES HTTP/1.0", host: "127.0.0.1:8089"
2013/05/08 14:11:59 [notice] 7500#1724: *20 [lua] crypt.lua:207: makelicense(): return sign:1F:/new-server/data/1055/extr/LANGUAGE.E, client: 127.0.0.1, server: localhost, request: "POST /iclock/sdk/parampermit?SNs=2290343020022&info=M880&id=1055&user=lqw&lang=ES HTTP/1.0", host: "127.0.0.1:8089"
2013/05/08 14:11:59 [notice] 7500#1724: *20 [lua] crypt.lua:207: makelicense(): return sign:1F:/new-server/data/1055/extr/LANGUAGE.I, client: 127.0.0.1, server: localhost, request: "POST /iclock/sdk/parampermit?SNs=2290343020022&info=M880&id=1055&user=lqw&lang=ES HTTP/1.0", host: "127.0.0.1:8089"
2013/05/08 14:11:59 [notice] 7500#1724: *20 [lua] crypt.lua:207: makelicense(): return sign:1F:/new-server/data/1055/extr/main, client: 127.0.0.1, server: localhost, request: "POST /iclock/sdk/parampermit?SNs=2290343020022&info=M880&id=1055&user=lqw&lang=ES HTTP/1.0", host: "127.0.0.1:8089"
2013/05/08 14:12:00 [notice] 7500#1724: *20 [lua] db_bak.lua:130: mysql_insert(): insert into licenselog values (1055,"M880","lqw",1367993519,"2290343020022","00:17:61:10:2C:B0","ES","","",660,"baeccH5YEfmHbL6E6DTeZ6KjHXvjNqrjRFXDTyscVO38g/mSZJbkMDrN4hsBrB9Pv96t5XYqihrAnAphqDTGobLZiecUjj2GMl3hz9D9A8JTGpPuYy2hSkS/wqTozHTItnCr+j+wT8xaLSyRG+H8Cw==
FweG7mwNXXrx3RM2uFsyC4XtzRZY5E1Ex/K89IsierDbUmlpkNowFo1fYfXFBY1jVM8/sySLacMcS3WfZ5FQeQ==
J0Y6L25ldy1zZXJ2ZXIvZGF0YS8xMDU1L2V4dHIvTEFOR1VBR0UuRT9WT+4/2WbPJJ1JSqGn0QGbaO9AuOd1To+NttQpRrPdoxHr3sWd/gmfPYzu2EFlKAKeIhOWsmFbX129yATWkHY=
J0Y6L25ldy1zZXJ2ZXIvZGF0YS8xMDU1L2V4dHIvTEFOR1VBR0UuSQ5lb72Two3hk8LQw8HbMyKbzemgF75pGLx3usHEk0MvdpMUKsduSKU+9iU1H3KDr3yXYgHqKXa8FomU+ralgZ4=
IUY6L25ldy1zZXJ2ZXIvZGF0YS8xMDU1L2V4dHIvbWFpbjeg6oqlOpeluphf6gw3SscPMq6RmQxlVmHR2NyfvCyU+U/K94lOsCxHqDIICbh/ySMjm+8EHasoaRY+KwAkmPs=
"), client: 127.0.0.1, server: localhost, request: "POST /iclock/sdk/parampermit?SNs=2290343020022&info=M880&id=1055&user=lqw&lang=ES HTTP/1.0", host: "127.0.0.1:8089"
2013/05/08 14:12:05 [notice] 7500#1724: *14 [lua] db_bak.lua:139: mysql_query(): table, client: 127.0.0.1, server: localhost, request: "GET /manage/log?page=1&_=1367993525520 HTTP/1.1", host: "localhost:8089", referrer: "http://localhost:8089/webPage/"
2013/05/08 14:12:05 [notice] 7500#1724: *14 [lua] db_bak.lua:169: mysql_query(): ***********sqlstr:select * from licenselog, client: 127.0.0.1, server: localhost, request: "GET /manage/log?page=1&_=1367993525520 HTTP/1.1", host: "localhost:8089", referrer: "http://localhost:8089/webPage/"
2013/05/08 14:12:05 [notice] 7500#1724: *14 [lua] db_bak.lua:177: mysql_query(): query res type is :table, client: 127.0.0.1, server: localhost, request: "GET /manage/log?page=1&_=1367993525520 HTTP/1.1", host: "localhost:8089", referrer: "http://localhost:8089/webPage/"
2013/05/08 14:12:05 [notice] 7500#1724: *14 [lua] manage.lua:204: fun(): 81table8, client: 127.0.0.1, server: localhost, request: "GET /manage/log?page=1&_=1367993525520 HTTP/1.1", host: "localhost:8089", referrer: "http://localhost:8089/webPage/"
2013/05/08 14:16:24 [info] 7500#1724: *14 shutdown() failed (10057: A request to send or receive data was disallowed because the socket is not connected and (when sending on a datagram socket using a sendto call) no address was supplied), client: 127.0.0.1, server: localhost, request: "GET /iclock/sdk/status/?_=1367993784888 HTTP/1.1", host: "localhost:8089", referrer: "http://localhost:8089/webPage/"
2013/05/08 14:16:50 [info] 7500#1724: *24 client closed prematurely connection while reading client request line, client: 127.0.0.1, server: localhost
2013/05/08 14:24:44 [info] 7500#1724: *23 shutdown() failed (10057: A request to send or receive data was disallowed because the socket is not connected and (when sending on a datagram socket using a sendto call) no address was supplied), client: 127.0.0.1, server: localhost, request: "GET /iclock/sdk/status/?_=1367994284955 HTTP/1.1", host: "localhost:8089", referrer: "http://localhost:8089/webPage/"
2013/05/08 14:25:10 [info] 7500#1724: *26 client closed prematurely connection while reading client request line, client: 127.0.0.1, server: localhost
2013/05/08 14:33:05 [info] 7500#1724: *25 shutdown() failed (10057: A request to send or receive data was disallowed because the socket is not connected and (when sending on a datagram socket using a sendto call) no address was supplied), client: 127.0.0.1, server: localhost, request: "GET /iclock/sdk/status/?_=1367994785010 HTTP/1.1", host: "localhost:8089", referrer: "http://localhost:8089/webPage/"
2013/05/08 14:33:30 [info] 7500#1724: *28 client closed prematurely connection while reading client request line, client: 127.0.0.1, server: localhost
2013/05/08 14:41:25 [info] 7500#1724: *27 shutdown() failed (10057: A request to send or receive data was disallowed because the socket is not connected and (when sending on a datagram socket using a sendto call) no address was supplied), client: 127.0.0.1, server: localhost, request: "GET /iclock/sdk/status/?_=1367995285079 HTTP/1.1", host: "localhost:8089", referrer: "http://localhost:8089/webPage/"
2013/05/08 14:41:50 [info] 7500#1724: *30 client closed prematurely connection while reading client request line, client: 127.0.0.1, server: localhost
2013/05/08 14:49:45 [info] 7500#1724: *29 shutdown() failed (10057: A request to send or receive data was disallowed because the socket is not connected and (when sending on a datagram socket using a sendto call) no address was supplied), client: 127.0.0.1, server: localhost, request: "GET /iclock/sdk/status/?_=1367995785135 HTTP/1.1", host: "localhost:8089", referrer: "http://localhost:8089/webPage/"
2013/05/08 14:50:10 [info] 7500#1724: *32 client closed prematurely connection while reading client request line, client: 127.0.0.1, server: localhost
2013/05/08 14:58:05 [info] 7500#1724: *31 shutdown() failed (10057: A request to send or receive data was disallowed because the socket is not connected and (when sending on a datagram socket using a sendto call) no address was supplied), client: 127.0.0.1, server: localhost, request: "GET /iclock/sdk/status/?_=1367996285230 HTTP/1.1", host: "localhost:8089", referrer: "http://localhost:8089/webPage/"
2013/05/08 14:58:30 [info] 7500#1724: *34 client closed prematurely connection while reading client request line, client: 127.0.0.1, server: localhost
2013/05/08 15:06:25 [info] 7500#1724: *33 shutdown() failed (10057: A request to send or receive data was disallowed because the socket is not connected and (when sending on a datagram socket using a sendto call) no address was supplied), client: 127.0.0.1, server: localhost, request: "GET /iclock/sdk/status/?_=1367996785330 HTTP/1.1", host: "localhost:8089", referrer: "http://localhost:8089/webPage/"
2013/05/08 15:06:50 [info] 7500#1724: *36 client closed prematurely connection while reading client request line, client: 127.0.0.1, server: localhost
2013/05/08 15:14:45 [info] 7500#1724: *35 shutdown() failed (10057: A request to send or receive data was disallowed because the socket is not connected and (when sending on a datagram socket using a sendto call) no address was supplied), client: 127.0.0.1, server: localhost, request: "GET /iclock/sdk/status/?_=1367997285414 HTTP/1.1", host: "localhost:8089", referrer: "http://localhost:8089/webPage/"
2013/05/08 15:15:10 [info] 7500#1724: *38 client closed prematurely connection while reading client request line, client: 127.0.0.1, server: localhost
2013/05/08 15:23:05 [info] 7500#1724: *37 shutdown() failed (10057: A request to send or receive data was disallowed because the socket is not connected and (when sending on a datagram socket using a sendto call) no address was supplied), client: 127.0.0.1, server: localhost, request: "GET /iclock/sdk/status/?_=1367997785485 HTTP/1.1", host: "localhost:8089", referrer: "http://localhost:8089/webPage/"
2013/05/08 15:23:30 [info] 7500#1724: *40 client closed prematurely connection while reading client request line, client: 127.0.0.1, server: localhost
2013/05/08 15:30:21 [notice] 7500#1724: *41 [lua] cdata.lua:247: fun(): rcv mac from file:00:17:61:10:2C:B0, client: 127.0.0.1, server: localhost, request: "POST /iclock/sdk/parampermit?SNs=1234567890033&info=M880&id=1049&user=caiyun&lang=E HTTP/1.0", host: "127.0.0.1:8089"
2013/05/08 15:30:21 [notice] 7500#1724: *41 [lua] cdata.lua:259: fun(): 0log check ok!, client: 127.0.0.1, server: localhost, request: "POST /iclock/sdk/parampermit?SNs=1234567890033&info=M880&id=1049&user=caiyun&lang=E HTTP/1.0", host: "127.0.0.1:8089"
2013/05/08 15:30:21 [notice] 7500#1724: *41 [lua] cdata.lua:272: fun(): all_device:1234567890033,00:17:61:10:2C:B0,1234567890033,00:17:61:10:2C:B0, client: 127.0.0.1, server: localhost, request: "POST /iclock/sdk/parampermit?SNs=1234567890033&info=M880&id=1049&user=caiyun&lang=E HTTP/1.0", host: "127.0.0.1:8089"
2013/05/08 15:30:21 [notice] 7500#1724: *41 [lua] crypt.lua:219: makelicense(): return sign:1F:/new-server/data/1049/extr/LANGUAGE.E, client: 127.0.0.1, server: localhost, request: "POST /iclock/sdk/parampermit?SNs=1234567890033&info=M880&id=1049&user=caiyun&lang=E HTTP/1.0", host: "127.0.0.1:8089"
2013/05/08 15:30:21 [notice] 7500#1724: *41 [lua] crypt.lua:219: makelicense(): return sign:1F:/new-server/data/1049/extr/LANGUAGE.I, client: 127.0.0.1, server: localhost, request: "POST /iclock/sdk/parampermit?SNs=1234567890033&info=M880&id=1049&user=caiyun&lang=E HTTP/1.0", host: "127.0.0.1:8089"
2013/05/08 15:30:21 [notice] 7500#1724: *41 [lua] crypt.lua:219: makelicense(): return sign:1F:/new-server/data/1049/extr/main, client: 127.0.0.1, server: localhost, request: "POST /iclock/sdk/parampermit?SNs=1234567890033&info=M880&id=1049&user=caiyun&lang=E HTTP/1.0", host: "127.0.0.1:8089"
2013/05/08 15:30:22 [notice] 7500#1724: *41 [lua] db_bak.lua:130: mysql_insert(): insert into licenselog values (1049,"M880","caiyun",1367998221,"1234567890033","00:17:61:10:2C:B0","E","","",660,"baeccH5YEfmHbL6E6DTeZ0O2TgHE2P0objvcKWJQEJv8g/mSZJbkMDrN4hsBrB9Pv96t5XYqihrAnAphqDTGobLZiecUjj2GMl3hz9D9A8KHfzKLOL3k0WhYuMcYZnm3A/PQjxAC4Mg3pfbRu7rE/A==
Ze3Lzm+Jm+J0t4RO39HgN2fvPN6VQavTS0xqt0ZALXpt+MhWxRmM8l9uqQOU5knTflKi4wrgwezS1scGBNY6Xw==
J0Y6L25ldy1zZXJ2ZXIvZGF0YS8xMDQ5L2V4dHIvTEFOR1VBR0UuRT9WT+4/2WbPJJ1JSqGn0QGbaO9AuOd1To+NttQpRrPdoxHr3sWd/gmfPYzu2EFlKAKeIhOWsmFbX129yATWkHY=
J0Y6L25ldy1zZXJ2ZXIvZGF0YS8xMDQ5L2V4dHIvTEFOR1VBR0UuSQ5lb72Two3hk8LQw8HbMyKbzemgF75pGLx3usHEk0MvdpMUKsduSKU+9iU1H3KDr3yXYgHqKXa8FomU+ralgZ4=
IUY6L25ldy1zZXJ2ZXIvZGF0YS8xMDQ5L2V4dHIvbWFpbjeg6oqlOpeluphf6gw3SscPMq6RmQxlVmHR2NyfvCyU+U/K94lOsCxHqDIICbh/ySMjm+8EHasoaRY+KwAkmPs=
"), client: 127.0.0.1, server: localhost, request: "POST /iclock/sdk/parampermit?SNs=1234567890033&info=M880&id=1049&user=caiyun&lang=E HTTP/1.0", host: "127.0.0.1:8089"
2013/05/08 15:31:25 [info] 7500#1724: *39 shutdown() failed (10057: A request to send or receive data was disallowed because the socket is not connected and (when sending on a datagram socket using a sendto call) no address was supplied), client: 127.0.0.1, server: localhost, request: "GET /iclock/sdk/status/?_=1367998285569 HTTP/1.1", host: "localhost:8089", referrer: "http://localhost:8089/webPage/"
2013/05/08 15:31:50 [info] 7500#1724: *44 client closed prematurely connection while reading client request line, client: 127.0.0.1, server: localhost
2013/05/08 15:39:45 [info] 7500#1724: *43 shutdown() failed (10057: A request to send or receive data was disallowed because the socket is not connected and (when sending on a datagram socket using a sendto call) no address was supplied), client: 127.0.0.1, server: localhost, request: "GET /iclock/sdk/status/?_=1367998785652 HTTP/1.1", host: "localhost:8089", referrer: "http://localhost:8089/webPage/"
2013/05/08 15:40:10 [info] 7500#1724: *46 client closed prematurely connection while reading client request line, client: 127.0.0.1, server: localhost
2013/05/08 16:14:43 [warn] 1768#4980: lua_code_cache is off; this will hurt performance in F:\new-server/conf/nginx.conf:24
2013/05/08 16:14:43 [notice] 1768#4980: using the "iocp" event method
2013/05/08 16:14:43 [notice] 1768#4980: nginx/1.1.14
2013/05/08 16:14:43 [notice] 1768#4980: start worker processes
2013/05/08 16:14:43 [notice] 1768#4980: start worker process 7396
2013/05/08 16:14:43 [warn] 7396#5928: lua_code_cache is off; this will hurt performance in F:\new-server/conf/nginx.conf:24
2013/05/08 16:14:43 [notice] 7396#5928: nginx/1.1.14
2013/05/08 16:14:43 [notice] 7396#5928: create thread 3188
2013/05/08 16:14:43 [notice] 7396#5928: create thread 5252
2013/05/08 16:14:43 [notice] 7396#5928: create thread 6520
2013/05/08 16:15:06 [info] 7396#3188: *2 client closed prematurely connection while reading client request line, client: 127.0.0.1, server: localhost
2013/05/08 16:16:05 [info] 7396#3188: *1 client 127.0.0.1 closed keepalive connection
2013/05/08 16:16:10 [info] 7396#3188: *4 client closed prematurely connection while reading client request line, client: 127.0.0.1, server: localhost
2013/05/08 16:16:10 [info] 7396#3188: *3 client 127.0.0.1 closed keepalive connection
2013/05/08 16:16:21 [info] 7396#3188: *5 client 127.0.0.1 closed keepalive connection
2013/05/08 16:16:21 [info] 7396#3188: *6 client closed prematurely connection while reading client request line, client: 127.0.0.1, server: localhost
2013/05/08 16:16:46 [info] 7396#3188: *8 client closed prematurely connection while reading client request line, client: 127.0.0.1, server: localhost
2013/05/08 16:19:02 [info] 7396#3188: *9 client 127.0.0.1 closed keepalive connection
2013/05/08 16:22:28 [warn] 6364#5124: lua_code_cache is off; this will hurt performance in F:\new-server/conf/nginx.conf:24
2013/05/08 16:22:28 [notice] 6364#5124: using the "iocp" event method
2013/05/08 16:22:28 [notice] 6364#5124: nginx/1.1.14
2013/05/08 16:22:28 [notice] 6364#5124: start worker processes
2013/05/08 16:22:28 [notice] 6364#5124: start worker process 3972
2013/05/08 16:22:28 [warn] 3972#4828: lua_code_cache is off; this will hurt performance in F:\new-server/conf/nginx.conf:24
2013/05/08 16:22:28 [notice] 3972#4828: nginx/1.1.14
2013/05/08 16:22:28 [notice] 3972#4828: create thread 5700
2013/05/08 16:22:28 [notice] 3972#4828: create thread 7680
2013/05/08 16:22:28 [notice] 3972#4828: create thread 1816
2013/05/08 16:22:51 [info] 3972#5700: *2 client closed prematurely connection while reading client request line, client: 127.0.0.1, server: localhost
2013/05/08 16:26:14 [info] 3972#5700: *3 client 192.168.1.45 closed keepalive connection
2013/05/08 16:26:15 [error] 3972#5700: *1 lua entry thread aborted: runtime error: error loading module 'crypt' from file 'iclock/crypt.lua':
	iclock/crypt.lua:157: 'end' expected (to close 'if' at line 156) near 'C'
stack traceback:
coroutine 0:
	[C]: ?
	[C]: in function 'require'
	F:\new-server/iclock/cdata.lua:9: in function <F:\new-server/iclock/cdata.lua:1>, client: 127.0.0.1, server: localhost, request: "GET /iclock/sdk/status/?_=1368001575901 HTTP/1.1", host: "localhost:8089", referrer: "http://localhost:8089/webPage/"
2013/05/08 16:26:15 [info] 3972#5700: *1 shutdown() failed (10057: A request to send or receive data was disallowed because the socket is not connected and (when sending on a datagram socket using a sendto call) no address was supplied) while sending response to client, client: 127.0.0.1, server: localhost, request: "GET /iclock/sdk/status/?_=1368001575901 HTTP/1.1", host: "localhost:8089", referrer: "http://localhost:8089/webPage/"
2013/05/08 16:26:21 [error] 3972#5700: *4 lua entry thread aborted: runtime error: error loading module 'crypt' from file 'iclock/crypt.lua':
	iclock/crypt.lua:157: 'end' expected (to close 'if' at line 156) near 'C'
stack traceback:
coroutine 0:
	[C]: ?
	[C]: in function 'require'
	F:\new-server/iclock/cdata.lua:9: in function <F:\new-server/iclock/cdata.lua:1>, client: 127.0.0.1, server: localhost, request: "GET /iclock/sdk/status/?_=1368001580901 HTTP/1.1", host: "localhost:8089", referrer: "http://localhost:8089/webPage/"
2013/05/08 16:26:21 [info] 3972#5700: *4 shutdown() failed (10057: A request to send or receive data was disallowed because the socket is not connected and (when sending on a datagram socket using a sendto call) no address was supplied) while sending response to client, client: 127.0.0.1, server: localhost, request: "GET /iclock/sdk/status/?_=1368001580901 HTTP/1.1", host: "localhost:8089", referrer: "http://localhost:8089/webPage/"
2013/05/08 16:26:25 [error] 3972#5700: *5 lua entry thread aborted: runtime error: error loading module 'crypt' from file 'iclock/crypt.lua':
	iclock/crypt.lua:157: 'end' expected (to close 'if' at line 156) near 'C'
stack traceback:
coroutine 0:
	[C]: ?
	[C]: in function 'require'
	F:\new-server/iclock/cdata.lua:9: in function <F:\new-server/iclock/cdata.lua:1>, client: 127.0.0.1, server: localhost, request: "GET /iclock/sdk/status/?_=1368001585901 HTTP/1.1", host: "localhost:8089", referrer: "http://localhost:8089/webPage/"
2013/05/08 16:26:25 [info] 3972#5700: *5 shutdown() failed (10057: A request to send or receive data was disallowed because the socket is not connected and (when sending on a datagram socket using a sendto call) no address was supplied) while sending response to client, client: 127.0.0.1, server: localhost, request: "GET /iclock/sdk/status/?_=1368001585901 HTTP/1.1", host: "localhost:8089", referrer: "http://localhost:8089/webPage/"
2013/05/08 16:26:31 [error] 3972#5700: *6 lua entry thread aborted: runtime error: error loading module 'crypt' from file 'iclock/crypt.lua':
	iclock/crypt.lua:157: 'end' expected (to close 'if' at line 156) near 'C'
stack traceback:
coroutine 0:
	[C]: ?
	[C]: in function 'require'
	F:\new-server/iclock/cdata.lua:9: in function <F:\new-server/iclock/cdata.lua:1>, client: 127.0.0.1, server: localhost, request: "GET /iclock/sdk/status/?_=1368001590901 HTTP/1.1", host: "localhost:8089", referrer: "http://localhost:8089/webPage/"
2013/05/08 16:26:31 [info] 3972#5700: *6 shutdown() failed (10057: A request to send or receive data was disallowed because the socket is not connected and (when sending on a datagram socket using a sendto call) no address was supplied) while sending response to client, client: 127.0.0.1, server: localhost, request: "GET /iclock/sdk/status/?_=1368001590901 HTTP/1.1", host: "localhost:8089", referrer: "http://localhost:8089/webPage/"
2013/05/08 16:26:35 [error] 3972#5700: *7 lua entry thread aborted: runtime error: error loading module 'crypt' from file 'iclock/crypt.lua':
	iclock/crypt.lua:158: 'end' expected (to close 'if' at line 157) near 'C'
stack traceback:
coroutine 0:
	[C]: ?
	[C]: in function 'require'
	F:\new-server/iclock/cdata.lua:9: in function <F:\new-server/iclock/cdata.lua:1>, client: 127.0.0.1, server: localhost, request: "GET /iclock/sdk/status/?_=1368001595903 HTTP/1.1", host: "localhost:8089", referrer: "http://localhost:8089/webPage/"
2013/05/08 16:26:35 [info] 3972#5700: *7 shutdown() failed (10057: A request to send or receive data was disallowed because the socket is not connected and (when sending on a datagram socket using a sendto call) no address was supplied) while sending response to client, client: 127.0.0.1, server: localhost, request: "GET /iclock/sdk/status/?_=1368001595903 HTTP/1.1", host: "localhost:8089", referrer: "http://localhost:8089/webPage/"
2013/05/08 16:26:41 [error] 3972#5700: *8 lua entry thread aborted: runtime error: error loading module 'crypt' from file 'iclock/crypt.lua':
	iclock/crypt.lua:158: 'end' expected (to close 'if' at line 157) near 'C'
stack traceback:
coroutine 0:
	[C]: ?
	[C]: in function 'require'
	F:\new-server/iclock/cdata.lua:9: in function <F:\new-server/iclock/cdata.lua:1>, client: 127.0.0.1, server: localhost, request: "GET /iclock/sdk/status/?_=1368001600903 HTTP/1.1", host: "localhost:8089", referrer: "http://localhost:8089/webPage/"
2013/05/08 16:26:41 [info] 3972#5700: *8 shutdown() failed (10057: A request to send or receive data was disallowed because the socket is not connected and (when sending on a datagram socket using a sendto call) no address was supplied) while sending response to client, client: 127.0.0.1, server: localhost, request: "GET /iclock/sdk/status/?_=1368001600903 HTTP/1.1", host: "localhost:8089", referrer: "http://localhost:8089/webPage/"
2013/05/08 16:26:42 [error] 3972#5700: *10 lua entry thread aborted: runtime error: error loading module 'crypt' from file 'iclock/crypt.lua':
	iclock/crypt.lua:158: 'end' expected (to close 'if' at line 157) near 'C'
stack traceback:
coroutine 0:
	[C]: ?
	[C]: in function 'require'
	F:\new-server/iclock/cdata.lua:9: in function <F:\new-server/iclock/cdata.lua:1>, client: 192.168.1.45, server: localhost, request: "POST /iclock/sdk/parampermit?SNs=1617412460001&info=iClock580&id=1049&user=0036&mullang=E&lang=E HTTP/1.0", host: "192.168.1.179:8089"
2013/05/08 16:26:42 [info] 3972#5700: *10 shutdown() failed (10057: A request to send or receive data was disallowed because the socket is not connected and (when sending on a datagram socket using a sendto call) no address was supplied) while sending response to client, client: 192.168.1.45, server: localhost, request: "POST /iclock/sdk/parampermit?SNs=1617412460001&info=iClock580&id=1049&user=0036&mullang=E&lang=E HTTP/1.0", host: "192.168.1.179:8089"
2013/05/08 16:26:45 [error] 3972#5700: *9 lua entry thread aborted: runtime error: error loading module 'crypt' from file 'iclock/crypt.lua':
	iclock/crypt.lua:158: 'end' expected (to close 'if' at line 157) near 'C'
stack traceback:
coroutine 0:
	[C]: ?
	[C]: in function 'require'
	F:\new-server/iclock/cdata.lua:9: in function <F:\new-server/iclock/cdata.lua:1>, client: 127.0.0.1, server: localhost, request: "GET /iclock/sdk/status/?_=1368001605904 HTTP/1.1", host: "localhost:8089", referrer: "http://localhost:8089/webPage/"
2013/05/08 16:26:45 [info] 3972#5700: *9 shutdown() failed (10057: A request to send or receive data was disallowed because the socket is not connected and (when sending on a datagram socket using a sendto call) no address was supplied) while sending response to client, client: 127.0.0.1, server: localhost, request: "GET /iclock/sdk/status/?_=1368001605904 HTTP/1.1", host: "localhost:8089", referrer: "http://localhost:8089/webPage/"
2013/05/08 16:26:51 [error] 3972#5700: *11 lua entry thread aborted: runtime error: error loading module 'crypt' from file 'iclock/crypt.lua':
	iclock/crypt.lua:158: 'end' expected (to close 'if' at line 157) near 'C'
stack traceback:
coroutine 0:
	[C]: ?
	[C]: in function 'require'
	F:\new-server/iclock/cdata.lua:9: in function <F:\new-server/iclock/cdata.lua:1>, client: 127.0.0.1, server: localhost, request: "GET /iclock/sdk/status/?_=1368001610904 HTTP/1.1", host: "localhost:8089", referrer: "http://localhost:8089/webPage/"
2013/05/08 16:26:51 [info] 3972#5700: *11 shutdown() failed (10057: A request to send or receive data was disallowed because the socket is not connected and (when sending on a datagram socket using a sendto call) no address was supplied) while sending response to client, client: 127.0.0.1, server: localhost, request: "GET /iclock/sdk/status/?_=1368001610904 HTTP/1.1", host: "localhost:8089", referrer: "http://localhost:8089/webPage/"
2013/05/08 16:26:55 [error] 3972#5700: *12 lua entry thread aborted: runtime error: error loading module 'crypt' from file 'iclock/crypt.lua':
	iclock/crypt.lua:158: 'end' expected (to close 'if' at line 157) near 'C'
stack traceback:
coroutine 0:
	[C]: ?
	[C]: in function 'require'
	F:\new-server/iclock/cdata.lua:9: in function <F:\new-server/iclock/cdata.lua:1>, client: 127.0.0.1, server: localhost, request: "GET /iclock/sdk/status/?_=1368001615905 HTTP/1.1", host: "localhost:8089", referrer: "http://localhost:8089/webPage/"
2013/05/08 16:26:55 [info] 3972#5700: *12 shutdown() failed (10057: A request to send or receive data was disallowed because the socket is not connected and (when sending on a datagram socket using a sendto call) no address was supplied) while sending response to client, client: 127.0.0.1, server: localhost, request: "GET /iclock/sdk/status/?_=1368001615905 HTTP/1.1", host: "localhost:8089", referrer: "http://localhost:8089/webPage/"
2013/05/08 16:27:01 [error] 3972#5700: *13 lua entry thread aborted: runtime error: error loading module 'crypt' from file 'iclock/crypt.lua':
	iclock/crypt.lua:158: 'end' expected (to close 'if' at line 157) near 'C'
stack traceback:
coroutine 0:
	[C]: ?
	[C]: in function 'require'
	F:\new-server/iclock/cdata.lua:9: in function <F:\new-server/iclock/cdata.lua:1>, client: 127.0.0.1, server: localhost, request: "GET /iclock/sdk/status/?_=1368001620905 HTTP/1.1", host: "localhost:8089", referrer: "http://localhost:8089/webPage/"
2013/05/08 16:27:01 [info] 3972#5700: *13 shutdown() failed (10057: A request to send or receive data was disallowed because the socket is not connected and (when sending on a datagram socket using a sendto call) no address was supplied) while sending response to client, client: 127.0.0.1, server: localhost, request: "GET /iclock/sdk/status/?_=1368001620905 HTTP/1.1", host: "localhost:8089", referrer: "http://localhost:8089/webPage/"
2013/05/08 16:27:05 [error] 3972#5700: *14 lua entry thread aborted: runtime error: error loading module 'crypt' from file 'iclock/crypt.lua':
	iclock/crypt.lua:158: 'end' expected (to close 'if' at line 157) near 'C'
stack traceback:
coroutine 0:
	[C]: ?
	[C]: in function 'require'
	F:\new-server/iclock/cdata.lua:9: in function <F:\new-server/iclock/cdata.lua:1>, client: 127.0.0.1, server: localhost, request: "GET /iclock/sdk/status/?_=1368001625906 HTTP/1.1", host: "localhost:8089", referrer: "http://localhost:8089/webPage/"
2013/05/08 16:27:05 [info] 3972#5700: *14 shutdown() failed (10057: A request to send or receive data was disallowed because the socket is not connected and (when sending on a datagram socket using a sendto call) no address was supplied) while sending response to client, client: 127.0.0.1, server: localhost, request: "GET /iclock/sdk/status/?_=1368001625906 HTTP/1.1", host: "localhost:8089", referrer: "http://localhost:8089/webPage/"
2013/05/08 16:27:11 [error] 3972#5700: *15 lua entry thread aborted: runtime error: error loading module 'crypt' from file 'iclock/crypt.lua':
	iclock/crypt.lua:158: 'end' expected (to close 'if' at line 157) near 'C'
stack traceback:
coroutine 0:
	[C]: ?
	[C]: in function 'require'
	F:\new-server/iclock/cdata.lua:9: in function <F:\new-server/iclock/cdata.lua:1>, client: 127.0.0.1, server: localhost, request: "GET /iclock/sdk/status/?_=1368001630906 HTTP/1.1", host: "localhost:8089", referrer: "http://localhost:8089/webPage/"
2013/05/08 16:27:11 [info] 3972#5700: *15 shutdown() failed (10057: A request to send or receive data was disallowed because the socket is not connected and (when sending on a datagram socket using a sendto call) no address was supplied) while sending response to client, client: 127.0.0.1, server: localhost, request: "GET /iclock/sdk/status/?_=1368001630906 HTTP/1.1", host: "localhost:8089", referrer: "http://localhost:8089/webPage/"
2013/05/08 16:27:15 [error] 3972#5700: *16 lua entry thread aborted: runtime error: error loading module 'crypt' from file 'iclock/crypt.lua':
	iclock/crypt.lua:158: 'end' expected (to close 'if' at line 157) near 'C'
stack traceback:
coroutine 0:
	[C]: ?
	[C]: in function 'require'
	F:\new-server/iclock/cdata.lua:9: in function <F:\new-server/iclock/cdata.lua:1>, client: 127.0.0.1, server: localhost, request: "GET /iclock/sdk/status/?_=1368001635907 HTTP/1.1", host: "localhost:8089", referrer: "http://localhost:8089/webPage/"
2013/05/08 16:27:15 [info] 3972#5700: *16 shutdown() failed (10057: A request to send or receive data was disallowed because the socket is not connected and (when sending on a datagram socket using a sendto call) no address was supplied) while sending response to client, client: 127.0.0.1, server: localhost, request: "GET /iclock/sdk/status/?_=1368001635907 HTTP/1.1", host: "localhost:8089", referrer: "http://localhost:8089/webPage/"
2013/05/08 16:27:21 [error] 3972#5700: *17 lua entry thread aborted: runtime error: error loading module 'crypt' from file 'iclock/crypt.lua':
	iclock/crypt.lua:158: 'end' expected (to close 'if' at line 157) near 'C'
stack traceback:
coroutine 0:
	[C]: ?
	[C]: in function 'require'
	F:\new-server/iclock/cdata.lua:9: in function <F:\new-server/iclock/cdata.lua:1>, client: 127.0.0.1, server: localhost, request: "GET /iclock/sdk/status/?_=1368001640908 HTTP/1.1", host: "localhost:8089", referrer: "http://localhost:8089/webPage/"
2013/05/08 16:27:21 [info] 3972#5700: *17 shutdown() failed (10057: A request to send or receive data was disallowed because the socket is not connected and (when sending on a datagram socket using a sendto call) no address was supplied) while sending response to client, client: 127.0.0.1, server: localhost, request: "GET /iclock/sdk/status/?_=1368001640908 HTTP/1.1", host: "localhost:8089", referrer: "http://localhost:8089/webPage/"
2013/05/08 16:27:25 [error] 3972#5700: *18 lua entry thread aborted: runtime error: error loading module 'crypt' from file 'iclock/crypt.lua':
	iclock/crypt.lua:158: 'end' expected (to close 'if' at line 157) near 'C'
stack traceback:
coroutine 0:
	[C]: ?
	[C]: in function 'require'
	F:\new-server/iclock/cdata.lua:9: in function <F:\new-server/iclock/cdata.lua:1>, client: 127.0.0.1, server: localhost, request: "GET /iclock/sdk/status/?_=1368001645909 HTTP/1.1", host: "localhost:8089", referrer: "http://localhost:8089/webPage/"
2013/05/08 16:27:25 [info] 3972#5700: *18 shutdown() failed (10057: A request to send or receive data was disallowed because the socket is not connected and (when sending on a datagram socket using a sendto call) no address was supplied) while sending response to client, client: 127.0.0.1, server: localhost, request: "GET /iclock/sdk/status/?_=1368001645909 HTTP/1.1", host: "localhost:8089", referrer: "http://localhost:8089/webPage/"
2013/05/08 16:27:38 [warn] 6192#7476: lua_code_cache is off; this will hurt performance in F:\new-server/conf/nginx.conf:24
2013/05/08 16:27:38 [notice] 6192#7476: using the "iocp" event method
2013/05/08 16:27:38 [notice] 6192#7476: nginx/1.1.14
2013/05/08 16:27:38 [notice] 6192#7476: start worker processes
2013/05/08 16:27:38 [notice] 6192#7476: start worker process 7928
2013/05/08 16:27:39 [warn] 7928#5076: lua_code_cache is off; this will hurt performance in F:\new-server/conf/nginx.conf:24
2013/05/08 16:27:39 [notice] 7928#5076: nginx/1.1.14
2013/05/08 16:27:39 [notice] 7928#5076: create thread 8116
2013/05/08 16:27:39 [notice] 7928#5076: create thread 2884
2013/05/08 16:27:39 [notice] 7928#5076: create thread 5392
2013/05/08 16:27:45 [notice] 7928#8116: *3 [lua] crypt.lua:156: GetMacFromFile(): ******ret:0, client: 192.168.1.45, server: localhost, request: "POST /iclock/sdk/parampermit?SNs=1617412460001&info=iClock580&id=1049&user=0036&mullang=E&lang=E HTTP/1.0", host: "192.168.1.179:8089"
2013/05/08 16:27:50 [info] 7928#8116: *3 client 192.168.1.45 closed keepalive connection
2013/05/08 16:28:01 [info] 7928#8116: *2 client closed prematurely connection while reading client request line, client: 127.0.0.1, server: localhost
2013/05/08 16:29:29 [notice] 7928#8116: *4 [lua] crypt.lua:156: GetMacFromFile(): ******ret:0, client: 192.168.1.45, server: localhost, request: "POST /iclock/sdk/parampermit?SNs=1617412460001&info=iClock580&id=1049&user=0036&mullang=E&lang=E HTTP/1.0", host: "192.168.1.179:8089"
2013/05/08 16:29:29 [notice] 7928#8116: *4 [lua] cdata.lua:247: fun(): rcv mac from file:00:17:61:10:2C:9F, client: 192.168.1.45, server: localhost, request: "POST /iclock/sdk/parampermit?SNs=1617412460001&info=iClock580&id=1049&user=0036&mullang=E&lang=E HTTP/1.0", host: "192.168.1.179:8089"
2013/05/08 16:29:29 [notice] 7928#8116: *4 [lua] cdata.lua:259: fun(): 0log check ok!, client: 192.168.1.45, server: localhost, request: "POST /iclock/sdk/parampermit?SNs=1617412460001&info=iClock580&id=1049&user=0036&mullang=E&lang=E HTTP/1.0", host: "192.168.1.179:8089"
2013/05/08 16:29:29 [notice] 7928#8116: *4 [lua] cdata.lua:272: fun(): all_device:1617412460001,00:17:61:10:2C:9F,1617412460001,00:17:61:10:2C:9F, client: 192.168.1.45, server: localhost, request: "POST /iclock/sdk/parampermit?SNs=1617412460001&info=iClock580&id=1049&user=0036&mullang=E&lang=E HTTP/1.0", host: "192.168.1.179:8089"
2013/05/08 16:29:29 [notice] 7928#8116: *4 [lua] crypt.lua:171: setparam(): 88888set_lang0E, client: 192.168.1.45, server: localhost, request: "POST /iclock/sdk/parampermit?SNs=1617412460001&info=iClock580&id=1049&user=0036&mullang=E&lang=E HTTP/1.0", host: "192.168.1.179:8089"
2013/05/08 16:29:29 [notice] 7928#8116: *4 [lua] crypt.lua:175: setparam(): 88888set_mul0E, client: 192.168.1.45, server: localhost, request: "POST /iclock/sdk/parampermit?SNs=1617412460001&info=iClock580&id=1049&user=0036&mullang=E&lang=E HTTP/1.0", host: "192.168.1.179:8089"
2013/05/08 16:29:29 [notice] 7928#8116: *4 [lua] crypt.lua:214: makelicense(): (((((((((((((, client: 192.168.1.45, server: localhost, request: "POST /iclock/sdk/parampermit?SNs=1617412460001&info=iClock580&id=1049&user=0036&mullang=E&lang=E HTTP/1.0", host: "192.168.1.179:8089"
2013/05/08 16:29:29 [notice] 7928#8116: *4 [lua] db_bak.lua:130: mysql_insert(): insert into licenselog values (1049,"iClock580","0036",1368001769,"1617412460001","00:17:61:10:2C:9F","E","E","",262,"mFiK5oWh1t26Rqh1DRYBox/FlssiefnF5xqCQeW+b+Sy2YnnFI49hjJd4c/Q/QPC24koG96F3mhyWWVbp2v5Y7LZiecUjj2GMl3hz9D9A8IiijkvZ1RGM5RnnU0SbpvhfJJyGq288oemFx0qfc5E3yft3SiPD0hvGMKkicjU5rI=
b3OGNirFbqtYhvLTBWUxThgHO+RDOxbd4qurM9n1+JLly8FZs4e7OYPD7w6Yd/RH83ABF1huSvKyfQu37vi5EQ==
"), client: 192.168.1.45, server: localhost, request: "POST /iclock/sdk/parampermit?SNs=1617412460001&info=iClock580&id=1049&user=0036&mullang=E&lang=E HTTP/1.0", host: "192.168.1.179:8089"
2013/05/08 16:29:31 [info] 7928#8116: *4 client 192.168.1.45 closed keepalive connection
2013/05/08 16:35:51 [notice] 7928#8116: *6 [lua] crypt.lua:156: GetMacFromFile(): ******ret:1, client: 192.168.1.45, server: localhost, request: "POST /iclock/sdk/parampermit?SNs=1617412460001&info=iClock580&id=1049&user=0036&mullang=E&lang=E HTTP/1.0", host: "192.168.1.179:8089"
2013/05/08 16:35:51 [notice] 7928#8116: *6 [lua] cdata.lua:247: fun(): rcv mac from file:00:17:61:10:2C:9F, client: 192.168.1.45, server: localhost, request: "POST /iclock/sdk/parampermit?SNs=1617412460001&info=iClock580&id=1049&user=0036&mullang=E&lang=E HTTP/1.0", host: "192.168.1.179:8089"
2013/05/08 16:35:51 [notice] 7928#8116: *6 [lua] cdata.lua:259: fun(): 0log check ok!, client: 192.168.1.45, server: localhost, request: "POST /iclock/sdk/parampermit?SNs=1617412460001&info=iClock580&id=1049&user=0036&mullang=E&lang=E HTTP/1.0", host: "192.168.1.179:8089"
2013/05/08 16:35:51 [notice] 7928#8116: *6 [lua] cdata.lua:272: fun(): all_device:1617412460001,00:17:61:10:2C:9F,1617412460001,00:17:61:10:2C:9F, client: 192.168.1.45, server: localhost, request: "POST /iclock/sdk/parampermit?SNs=1617412460001&info=iClock580&id=1049&user=0036&mullang=E&lang=E HTTP/1.0", host: "192.168.1.179:8089"
2013/05/08 16:35:51 [notice] 7928#8116: *6 [lua] crypt.lua:171: setparam(): 88888set_lang0E, client: 192.168.1.45, server: localhost, request: "POST /iclock/sdk/parampermit?SNs=1617412460001&info=iClock580&id=1049&user=0036&mullang=E&lang=E HTTP/1.0", host: "192.168.1.179:8089"
2013/05/08 16:35:51 [notice] 7928#8116: *6 [lua] crypt.lua:175: setparam(): 88888set_mul0E, client: 192.168.1.45, server: localhost, request: "POST /iclock/sdk/parampermit?SNs=1617412460001&info=iClock580&id=1049&user=0036&mullang=E&lang=E HTTP/1.0", host: "192.168.1.179:8089"
2013/05/08 16:35:51 [notice] 7928#8116: *6 [lua] crypt.lua:214: makelicense(): (((((((((((((, client: 192.168.1.45, server: localhost, request: "POST /iclock/sdk/parampermit?SNs=1617412460001&info=iClock580&id=1049&user=0036&mullang=E&lang=E HTTP/1.0", host: "192.168.1.179:8089"
2013/05/08 16:35:51 [notice] 7928#8116: *6 [lua] db_bak.lua:130: mysql_insert(): update licenselog set id=1049,machinetype="iClock580",user="0036",date=1368002151,mac="00:17:61:10:2C:9F",lang="E",mullang="E",func="",contentlength=262,content="mFiK5oWh1t26Rqh1DRYBo2zvnPAJzOOLUZX2ET6Q47Oy2YnnFI49hjJd4c/Q/QPC24koG96F3mhyWWVbp2v5Y7LZiecUjj2GMl3hz9D9A8IiijkvZ1RGM5RnnU0SbpvhfJJyGq288oemFx0qfc5E3yft3SiPD0hvGMKkicjU5rI=
kMdEnLwm3ZxLFYmjcTT7J+hUk10t8ZCzWjdfuA4vT4vGeTbXksG4TFjm/ngJqROKdi+1JNwyHoUK1UgmVUrqKg==
" where sn="1617412460001", client: 192.168.1.45, server: localhost, request: "POST /iclock/sdk/parampermit?SNs=1617412460001&info=iClock580&id=1049&user=0036&mullang=E&lang=E HTTP/1.0", host: "192.168.1.179:8089"
2013/05/08 16:35:53 [info] 7928#8116: *6 client 192.168.1.45 closed keepalive connection
2013/05/08 16:35:55 [info] 7928#8116: *1 shutdown() failed (10057: A request to send or receive data was disallowed because the socket is not connected and (when sending on a datagram socket using a sendto call) no address was supplied), client: 127.0.0.1, server: localhost, request: "GET /iclock/sdk/status/?_=1368002155959 HTTP/1.1", host: "localhost:8089", referrer: "http://localhost:8089/webPage/"
2013/05/08 16:36:21 [info] 7928#8116: *9 client closed prematurely connection while reading client request line, client: 127.0.0.1, server: localhost
2013/05/08 16:36:50 [notice] 7928#8116: *10 [lua] crypt.lua:156: GetMacFromFile(): ******ret:1, client: 192.168.1.45, server: localhost, request: "POST /iclock/sdk/parampermit?SNs=1617412460001&info=iClock580&id=1049&user=0036&mullang=E&lang=E HTTP/1.0", host: "192.168.1.179:8089"
